[0s] alpha=log2(3/2)=0.58496250072115618145  cf=[1, 1, 2, 2, 3, 1, 5, 2, 23, 2, 2, 1]
    ladder q<=15601: [1, 2, 5, 12, 41, 53, 306, 665, 15601]
  lam= 8.0 q=     1 p=     1 a=  1 bands=1 tw=4.000000e+00 dim_bs=nan dim_box=nan agree=False W/Wprev=   -   K=1.000 [0.0s]
  lam= 8.0 q=     2 p=     1 a=  1 bands=2 tw=0.000000e+00 dim_bs=nan dim_box=nan agree=False W/Wprev=   -   K=1.000 [0.0s]
  lam= 8.0 q=     5 p=     3 a=  2 bands=5 tw=1.734260e-01 dim_bs=0.4788 dim_box=0.3431 agree=False W/Wprev=   -   K=1.260 [0.0s]
  lam= 8.0 q=    12 p=     7 a=  2 bands=12 tw=3.484180e-02 dim_bs=0.4254 dim_box=0.3435 agree=False W/Wprev=0.2009 K=1.414 [0.0s]
  lam= 8.0 q=    41 p=    24 a=  3 bands=41 tw=4.598906e-03 dim_bs=0.4083 dim_box=0.3704 agree=False W/Wprev=0.1320 K=1.644 [0.0s]
  lam= 8.0 q=    53 p=    31 a=  1 bands=53 tw=4.325445e-03 dim_bs=0.4218 dim_box=0.3704 agree=False W/Wprev=0.9405 K=1.513 [0.0s]
  lam= 8.0 q=   306 p=   179 a=  5 bands=306 tw=5.316253e-04 dim_bs=0.4315 dim_box=0.3704 agree=False W/Wprev=0.1229 K=1.795 [0.0s]
  lam= 8.0 q=   665 p=   389 a=  2 bands=665 tw=1.271546e-04 dim_bs=0.4202 dim_box=0.3704 agree=False W/Wprev=0.2392 K=1.819 [0.1s]
  lam= 8.0 q= 15601 p=  9126 a= 23 bands=15601 tw=1.565031e-05 dim_bs=0.4660 dim_box=0.3704 agree=False W/Wprev=0.1231 K=2.412 [357.3s]
[358s] lam=8.0 done, checkpointed.
  lam=24.0 q=     1 p=     1 a=  1 bands=1 tw=4.000000e+00 dim_bs=nan dim_box=nan agree=False W/Wprev=   -   K=1.000 [0.0s]
  lam=24.0 q=     2 p=     1 a=  1 bands=2 tw=0.000000e+00 dim_bs=nan dim_box=nan agree=False W/Wprev=   -   K=1.000 [0.0s]
  lam=24.0 q=     5 p=     3 a=  2 bands=5 tw=2.064280e-02 dim_bs=0.2932 dim_box=0.2008 agree=False W/Wprev=   -   K=1.260 [0.0s]
  lam=24.0 q=    12 p=     7 a=  2 bands=12 tw=1.427445e-03 dim_bs=0.2750 dim_box=0.2824 agree=True W/Wprev=0.0691 K=1.414 [0.0s]
  lam=24.0 q=    41 p=    24 a=  3 bands=41 tw=6.085123e-05 dim_bs=0.2767 dim_box=0.2824 agree=True W/Wprev=0.0426 K=1.644 [0.0s]
  lam=24.0 q=    53 p=    31 a=  1 bands=53 tw=5.943283e-05 dim_bs=0.2898 dim_box=0.2824 agree=True W/Wprev=0.9767 K=1.513 [0.0s]
  lam=24.0 q=   306 p=   179 a=  5 bands=306 tw=2.471558e-06 dim_bs=0.3072 dim_box=0.2824 agree=False W/Wprev=0.0416 K=1.795 [0.0s]
  lam=24.0 q=   665 p=   389 a=  2 bands=665 tw=2.049011e-07 dim_bs=0.2968 dim_box=0.2824 agree=True W/Wprev=0.0829 K=1.819 [0.1s]
  lam=24.0 q= 15601 p=  9126 a= 23 bands=15601 tw=8.573205e-09 dim_bs=0.3420 dim_box=0.2824 agree=False W/Wprev=0.0418 K=2.412 [399.7s]
[757s] lam=24.0 done, checkpointed.
  lam=32.0 q=     1 p=     1 a=  1 bands=1 tw=4.000000e+00 dim_bs=nan dim_box=nan agree=False W/Wprev=   -   K=1.000 [0.0s]
  lam=32.0 q=     2 p=     1 a=  1 bands=2 tw=0.000000e+00 dim_bs=nan dim_box=nan agree=False W/Wprev=   -   K=1.000 [0.0s]
  lam=32.0 q=     5 p=     3 a=  2 bands=5 tw=1.165814e-02 dim_bs=0.2655 dim_box=0.2332 agree=False W/Wprev=   -   K=1.260 [0.0s]
  lam=32.0 q=    12 p=     7 a=  2 bands=12 tw=6.057397e-04 dim_bs=0.2512 dim_box=0.2860 agree=False W/Wprev=0.0520 K=1.414 [0.0s]
  lam=32.0 q=    41 p=    24 a=  3 bands=41 tw=1.926444e-05 dim_bs=0.2549 dim_box=0.2860 agree=False W/Wprev=0.0318 K=1.644 [0.0s]
  lam=32.0 q=    53 p=    31 a=  1 bands=53 tw=1.892149e-05 dim_bs=0.2674 dim_box=0.2860 agree=True W/Wprev=0.9822 K=1.513 [0.0s]
  lam=32.0 q=   306 p=   179 a=  5 bands=306 tw=5.906487e-07 dim_bs=0.2852 dim_box=0.2860 agree=True W/Wprev=0.0312 K=1.795 [0.0s]
  lam=32.0 q=   665 p=   389 a=  2 bands=665 tw=3.680900e-08 dim_bs=0.2752 dim_box=0.2860 agree=True W/Wprev=0.0623 K=1.819 [0.3s]
  lam=32.0 q= 15601 p=  9126 a= 23 bands=15601 tw=1.320367e-09 dim_bs=0.3208 dim_box=0.2860 agree=False W/Wprev=0.0359 K=2.412 [395.1s]
[1153s] lam=32.0 done, checkpointed.

[1153s] LADDER COMPLETE. wrote fifth_ladder.json
