=== C(a=4) ===
  a=4 lam=   2.0 ds=0.629391179513007 dd=0.6294141519044663 conv=True
  a=4 lam=   4.0 ds=0.48253689023553276 dd=0.4825371344910223 conv=True
  a=4 lam=   8.0 ds=0.3776209340739717 dd=0.37761258428310623 conv=True
  a=4 lam=  16.0 ds=0.3076711317869613 dd=0.30765936156694323 conv=True
  a=4 lam=  32.0 ds=0.25926250312878557 dd=0.26320882091464737 conv=True
  a=4 lam=  48.0 ds=0.23797717415147998 dd=0.25044617163866306 conv=True
  a=4 lam=  64.0 ds=0.22585171475164884 dd=0.25221626849943696 conv=False
  a=4 lam= 128.0 ds=0.20243775496943686 dd=0.26287595857926616 conv=False
  -> C(a=4)=1.0216046425934326 +/- 0.03135897654515015  theta_inf=1.413105828800871
=== C(a=5) ===
  a=5 lam=   2.0 ds=0.6405121569433876 dd=0.640481051887313 conv=True
  a=5 lam=   4.0 ds=0.5025941581008186 dd=0.5026005823210774 conv=True
  a=5 lam=   8.0 ds=0.40300257431791625 dd=0.40301957642102726 conv=True
  a=5 lam=  16.0 ds=0.33474183122618784 dd=0.3352959918620571 conv=True
  a=5 lam=  32.0 ds=0.2865921703646764 dd=0.2921117313631641 conv=True
  a=5 lam=  48.0 ds=0.26448061988647287 dd=0.27737949459174627 conv=True
  a=5 lam=  64.0 ds=0.2513166606959313 dd=0.2683830348380976 conv=True
  a=5 lam= 128.0 ds=0.23019891924688582 dd=0.26163319108068106 conv=False
  -> C(a=5)=1.1603827897573706 +/- 0.044634545461853595  theta_inf=1.419558408579571

wrote O1_bridge_measured.json
