
multiset [1, 1, 2, 2]  K=1.414  (6 distinct arrangements)
  period                 Λ       C
  [1, 2, 2, 1]       2.973  0.9194
  [2, 2, 1, 1]       2.973  0.8968
  [2, 1, 1, 2]       2.973  0.8925
  [1, 1, 2, 2]       2.973  0.9603
  [1, 2]             3.464  0.9787
  [2, 1]             3.464  0.9891
  --> C spread within family (K,digits FIXED): ΔC = +0.0966  (sd=0.0384)

multiset [1, 1, 1, 2, 2]  K=1.320  (10 distinct arrangements)
  period                 Λ       C
  [1, 2, 2, 1, 1]    3.010  0.9872
  [1, 1, 2, 2, 1]    3.010  0.9172
  [2, 1, 1, 1, 2]    3.010  0.9339
  [2, 2, 1, 1, 1]    3.010  0.9377
  [1, 1, 1, 2, 2]    3.010  0.9350
  [1, 2, 1, 2, 1]    3.298  0.9616
  [2, 1, 2, 1, 1]    3.298  0.9731
  [1, 2, 1, 1, 2]    3.298  0.9340
  [1, 1, 2, 1, 2]    3.298  0.9479
  [2, 1, 1, 2, 1]    3.298  0.9137
  --> C spread within family (K,digits FIXED): ΔC = +0.0735  (sd=0.0223)

multiset [1, 1, 3, 3]  K=1.732  (6 distinct arrangements)
  period                 Λ       C
  [1, 1, 3, 3]       3.847  0.9479
  [3, 1, 1, 3]       3.847  0.9632
  [1, 3, 3, 1]       3.847  0.9332
  [3, 3, 1, 1]       3.847  0.9245
  [3, 1]             4.583  1.0869
  [1, 3]             4.583  1.0861
  --> C spread within family (K,digits FIXED): ΔC = +0.1624  (sd=0.0691)

multiset [1, 1, 2, 2, 3, 3]  K=1.817  (90 distinct arrangements)
  period                 Λ       C
  [3, 3, 2, 1, 1, 2]   3.682  0.9552
  [1, 1, 2, 3, 3, 2]   3.682  0.9129
  [2, 1, 1, 2, 3, 3]   3.682  0.8953
  [3, 2, 1, 1, 2, 3]   3.682  0.9260
  [1, 2, 3, 3, 2, 1]   3.682  0.9513
  [2, 3, 3, 2, 1, 1]   3.682  0.9387
  [2, 2, 1, 1, 3, 3]   3.878  0.8970
  [3, 1, 1, 2, 2, 3]   3.878  0.9349
  [1, 3, 3, 2, 2, 1]   3.878  0.9420
  [1, 1, 3, 3, 2, 2]   3.878  0.9462
  [3, 3, 2, 2, 1, 1]   3.878  0.9387
  [3, 2, 2, 1, 1, 3]   3.878  0.9543
  [2, 2, 3, 3, 1, 1]   3.878  0.9026
  [2, 3, 3, 1, 1, 2]   3.878  0.9471
  [1, 1, 2, 2, 3, 3]   3.878  0.8913
  [1, 2, 2, 3, 3, 1]   3.878  0.9205
  [3, 3, 1, 1, 2, 2]   3.878  0.9535
  [2, 1, 1, 3, 3, 2]   3.878  0.9182
  [2, 2, 1, 3, 3, 1]   3.973  0.9525
  [2, 1, 3, 3, 1, 2]   3.973  0.9606
  [1, 3, 3, 1, 2, 2]   3.973  0.9601
  [1, 2, 2, 1, 3, 3]   3.973  0.9637
  [3, 1, 2, 2, 1, 3]   3.973  0.9808
  [3, 3, 1, 2, 2, 1]   3.973  0.9781
  [1, 3, 2, 2, 3, 1]   3.974  0.9184
  [3, 2, 2, 3, 1, 1]   3.974  0.9074
  [2, 3, 1, 1, 3, 2]   3.974  0.9222
  [2, 2, 3, 1, 1, 3]   3.974  0.9561
  [3, 1, 1, 3, 2, 2]   3.974  0.9512
  [1, 1, 3, 2, 2, 3]   3.974  0.9259
  [3, 1, 1, 2, 3, 2]   4.025  0.9358
  [2, 1, 1, 3, 2, 3]   4.025  0.9252
  [1, 2, 3, 2, 3, 1]   4.025  0.9386
  [1, 3, 2, 3, 2, 1]   4.025  0.9428
  [2, 3, 2, 1, 1, 3]   4.025  0.9514
  [2, 3, 1, 1, 2, 3]   4.025  0.9380
  [2, 3, 2, 3, 1, 1]   4.025  0.8993
  [3, 2, 3, 2, 1, 1]   4.025  0.9486
  [1, 1, 2, 3, 2, 3]   4.025  0.9222
  [3, 2, 1, 1, 3, 2]   4.025  0.9259
  [1, 1, 3, 2, 3, 2]   4.025  0.9222
  [3, 2, 3, 1, 1, 2]   4.025  0.9531
  [2, 1, 3, 3, 2, 1]   4.027  0.9851
  [2, 3, 3, 1, 2, 1]   4.027  0.9578
  [3, 3, 2, 1, 2, 1]   4.027  0.9801
  [1, 2, 1, 3, 3, 2]   4.027  0.9514
  [1, 3, 3, 2, 1, 2]   4.027  0.9736
  [3, 1, 2, 1, 2, 3]   4.027  0.9630
  [3, 2, 1, 2, 1, 3]   4.027  0.9649
  [2, 1, 2, 3, 3, 1]   4.027  0.9682
  [1, 2, 1, 2, 3, 3]   4.027  0.9842
  [1, 2, 3, 3, 1, 2]   4.027  0.9590
  [2, 1, 2, 1, 3, 3]   4.027  0.9160
  [3, 3, 1, 2, 1, 2]   4.027  0.9602
  [1, 3, 2]          4.055  0.9288
  [2, 3, 1]          4.055  0.9539
  [3, 2, 1]          4.055  0.9698
  [1, 2, 3]          4.055  0.9761
  [3, 1, 2]          4.055  0.9643
  [2, 1, 3]          4.055  0.9766
  [2, 1, 2, 3, 1, 3]   4.142  0.9645
  [3, 1, 3, 2, 1, 2]   4.142  0.9773
  [1, 3, 2, 1, 2, 3]   4.142  0.9792
  [1, 2, 3, 1, 3, 2]   4.142  0.9235
  [3, 2, 1, 2, 3, 1]   4.142  0.9749
  [2, 3, 1, 3, 2, 1]   4.142  0.9593
  [1, 3, 2, 3, 1, 2]   4.176  1.0015
  [3, 1, 2, 1, 3, 2]   4.176  0.9712
  [2, 3, 1, 2, 1, 3]   4.176  0.9844
  [2, 1, 3, 2, 3, 1]   4.176  1.0008
  [1, 2, 1, 3, 2, 3]   4.176  1.0026
  [3, 2, 3, 1, 2, 1]   4.176  0.9950
  [2, 3, 2, 1, 3, 1]   4.394  0.9381
  [1, 2, 3, 2, 1, 3]   4.394  0.9747
  [2, 1, 3, 1, 2, 3]   4.394  0.9889
  [3, 2, 1, 3, 1, 2]   4.394  0.9495
  [3, 1, 2, 3, 2, 1]   4.394  0.9930
  [1, 3, 1, 2, 3, 2]   4.394  0.9660
  [1, 3, 1, 2, 2, 3]   4.483  1.0069
  [1, 3, 2, 2, 1, 3]   4.483  0.9831
  [2, 2, 1, 3, 1, 3]   4.483  0.9770
  [2, 2, 3, 1, 3, 1]   4.483  0.9566
  [3, 1, 3, 2, 2, 1]   4.483  1.0225
  [1, 3, 1, 3, 2, 2]   4.483  1.0187
  [3, 1, 3, 1, 2, 2]   4.483  1.0179
  [3, 1, 2, 2, 3, 1]   4.483  1.0096
  [1, 2, 2, 3, 1, 3]   4.483  0.9722
  [2, 1, 3, 1, 3, 2]   4.483  0.9706
  [3, 2, 2, 1, 3, 1]   4.483  0.9711
  [2, 3, 1, 3, 1, 2]   4.483  0.9994
  --> C spread within family (K,digits FIXED): ΔC = +0.1312  (sd=0.0296)

multiset [1, 2, 2, 3]  K=1.861  (12 distinct arrangements)
  period                 Λ       C
  [1, 2, 3, 2]       3.742  0.9087
  [2, 3, 2, 1]       3.742  0.9078
  [3, 2, 1, 2]       3.742  0.9298
  [2, 1, 2, 3]       3.742  0.9211
  [1, 3, 2, 2]       4.133  0.9450
  [2, 1, 3, 2]       4.133  0.9482
  [2, 2, 1, 3]       4.133  0.9934
  [3, 2, 2, 1]       4.133  1.0073
  [3, 1, 2, 2]       4.133  0.9684
  [1, 2, 2, 3]       4.133  0.9672
  [2, 3, 1, 2]       4.133  0.9853
  [2, 2, 3, 1]       4.133  0.9747
  --> C spread within family (K,digits FIXED): ΔC = +0.0994  (sd=0.0318)

multiset [1, 1, 2, 3]  K=1.565  (12 distinct arrangements)
  period                 Λ       C
  [1, 3, 2, 1]       3.980  0.9634
  [2, 1, 1, 3]       3.980  0.9046
  [1, 1, 2, 3]       3.980  0.9162
  [2, 3, 1, 1]       3.980  0.9462
  [1, 2, 3, 1]       3.980  0.9917
  [3, 2, 1, 1]       3.980  0.9528
  [1, 1, 3, 2]       3.980  0.9370
  [3, 1, 1, 2]       3.980  0.9210
  [2, 1, 3, 1]       4.472  1.0531
  [3, 1, 2, 1]       4.472  1.0384
  [1, 2, 1, 3]       4.472  1.0349
  [1, 3, 1, 2]       4.472  1.0208
  --> C spread within family (K,digits FIXED): ΔC = +0.1485  (sd=0.0502)

=== POOLED within-family (K fixed) arrangement test ===
  3741 arrangement pairs across families (each pair: same digits, different order)
  sign(ΔΛ)==sign(ΔC): 2896/3741 pairs  (does higher-Λ arrangement have higher C?)
  pearson(ΔΛ, ΔC) = +0.377
  mean |ΔC| within family = 0.0361  (0 => C is a digit-statistic; >0 => arrangement matters)

wrote panel_C_designed.json
