[1] gold     C= 0.9167 Λ=2.236 K=1.000 meandig=1.000 nλ=5
[1,1,1,2]    C= 0.9175 Λ=3.266 K=1.189 meandig=1.250 nλ=5
[1,1,2]      C= 0.8978 Λ=3.162 K=1.260 meandig=1.333 nλ=5
[1,2]        C= 0.9787 Λ=3.464 K=1.414 meandig=1.500 nλ=5
[2,2,1,1]M   C= 0.8968 Λ=2.973 K=1.414 meandig=1.500 nλ=5
[1,2,2]      C= 0.9613 Λ=3.073 K=1.587 meandig=1.667 nλ=5
[1,2,2,2]    C= 0.9333 Λ=3.130 K=1.682 meandig=1.750 nλ=5
[2] silver   C= 0.9807 Λ=2.828 K=2.000 meandig=2.000 nλ=5
[3] bronze   C= 0.9469 Λ=3.606 K=3.000 meandig=3.000 nλ=5
[4] metal4   C= 1.0256 Λ=4.472 K=4.000 meandig=4.000 nλ=5
[1,1,1,1,2]  C= 0.9429 Λ=3.225 K=1.149 meandig=1.200 nλ=5
[1,3]        C= 1.0861 Λ=4.583 K=1.732 meandig=2.000 nλ=5
[2,3]        C= 0.9470 Λ=3.873 K=2.449 meandig=2.500 nλ=5
[1,1,3]      C= 0.9718 Λ=4.123 K=1.442 meandig=1.667 nλ=5
[1,2,3]      C= 0.9761 Λ=4.055 K=1.817 meandig=2.000 nλ=5
[2,2,3]      C= 0.8980 Λ=3.821 K=2.289 meandig=2.333 nλ=5

n=16 members with clean C. Three-ways (C vs each functional):
axis        spearman  pearson  p(spear)
lagrange       0.526    0.651     0.036
K              0.465    0.357     0.070
meandig        0.474    0.418     0.064
maxdig         0.468    0.506     0.068
mdens          0.319    0.201     0.228

wrote panel_C.json
