G0 {'n_tau': 5158, 'eps_min': 4.595912971900863e-05, 'eps_max': 0.0004135436324068995, 'config': {'T0': 37460.413749497, 'sigma': 4407.107499940823, 'E_lo': 0.0, 'E_hi': 74920.827498994}, 'n_levels': 100000}
  reach G0 RP1_drop_k>=2 {'max_ratio': 2391490.967191931, 'status': 'REACHABLE', 'note': ''}
  reach G0 RP2_flip_prime_sign {'max_ratio': 13526305.674579555, 'status': 'REACHABLE', 'note': ''}
  reach G0 RP3_shift_100delta {'max_ratio': 2.110755912486027, 'status': 'REACHABLE', 'note': 'first-order estimate tau*100*delta*|RHS|'}
G0s_a {'n_tau': 4001, 'eps_min': 2.8368356621333294e-09, 'eps_max': 1.7463357866264053e-08, 'config': {'T0': 10.0, 'sigma': 4.0, 'E_lo': 0.0, 'E_hi': 44.0}, 'n_levels': 100000}
  reach G0s_a RP13_drop_gamma {'max_ratio': 76471211.18201004, 'status': 'REACHABLE', 'note': ''}
  reach G0s_a RP14_drop_pole {'max_ratio': 15367965.4528225, 'status': 'REACHABLE', 'note': ''}
  reach G0s_a RP15_asymptotic_psi {'max_ratio': 559365.2959468651, 'status': 'REACHABLE', 'note': ''}
  reach G0s_a RP16_drop_mirror(upper bound) {'max_ratio': 2.191927932951532, 'status': 'REACHABLE', 'note': 'upper bound sum w(-gamma); if INAPPLICABLE here it is INAPPLICABLE'}
G0s_b {'n_tau': 4001, 'eps_min': 1.0429469064547308e-08, 'eps_max': 6.611953788640006e-08, 'config': {'T0': 40.0, 'sigma': 3.0, 'E_lo': 0.0, 'E_hi': 65.5}, 'n_levels': 100000}
  reach G0s_b RP13_drop_gamma {'max_ratio': 55908650.390140206, 'status': 'REACHABLE', 'note': ''}
  reach G0s_b RP14_drop_pole {'max_ratio': 1.8056209184875568e-31, 'status': 'INAPPLICABLE', 'note': ''}
  reach G0s_b RP15_asymptotic_psi {'max_ratio': 487.0788324995364, 'status': 'REACHABLE', 'note': ''}
  reach G0s_b RP16_drop_mirror(upper bound) {'max_ratio': 9.408090509634401e-64, 'status': 'INAPPLICABLE', 'note': 'upper bound sum w(-gamma); if INAPPLICABLE here it is INAPPLICABLE'}
G0s_c {'n_tau': 4001, 'eps_min': 4.394070019738252e-08, 'eps_max': 3.4751441937981064e-07, 'config': {'T0': 150.0, 'sigma': 10.0, 'E_lo': 0.0, 'E_hi': 235.0}, 'n_levels': 100000}
  reach G0s_c RP13_drop_gamma {'max_ratio': 741.0616396529389, 'status': 'REACHABLE', 'note': ''}
  reach G0s_c RP14_drop_pole {'max_ratio': 2.4452648723487342e-42, 'status': 'INAPPLICABLE', 'note': ''}
  reach G0s_c RP15_asymptotic_psi {'max_ratio': 0.0002846896806869692, 'status': 'INAPPLICABLE', 'note': ''}
  reach G0s_c RP16_drop_mirror(upper bound) {'max_ratio': 3.599058305049303e-52, 'status': 'INAPPLICABLE', 'note': 'upper bound sum w(-gamma); if INAPPLICABLE here it is INAPPLICABLE'}
G0c {'n_tau': 5158, 'eps_min': 1.3841403950511846e-05, 'eps_max': 0.00012450551905090996, 'config': {'T0': 12877.6741372805, 'sigma': 1515.0204867388825, 'E_lo': 0.0, 'E_hi': 25755.348274561}, 'n_levels': 30000}
  reach G0c RP1_drop_k>=2 {'max_ratio': 2730964.947189009, 'status': 'REACHABLE', 'note': ''}
  reach G0c RP2_flip_prime_sign {'max_ratio': 15442496.517969185, 'status': 'REACHABLE', 'note': ''}
  reach G0c RP3_shift_100delta {'max_ratio': 2.4105507274986877, 'status': 'REACHABLE', 'note': 'first-order estimate tau*100*delta*|RHS|'}
G1_even {'n_tau': 4001, 'eps_min': 2.382949226727136e-07, 'eps_max': 1.7329478650115233e-06, 'config': {'T0': 49.382483635, 'sigma': 5.809703957058823, 'E_lo': 0.0, 'E_hi': 98.76496727}, 'n_levels': 266}
  reach G1_even RP5_elliptic_x2 {'max_ratio': 1.9102912384980672e-10, 'status': 'INAPPLICABLE', 'note': ''}
  reach G1_even RP6_drop_R {'max_ratio': 1213530.1447108057, 'status': 'REACHABLE', 'note': ''}
  reach G1_even RP8_drop_scattering {'max_ratio': 1410651.234020048, 'status': 'REACHABLE', 'note': 'even-only continuous-spectrum terms: prime lines 2 Lambda(n)/n g(2 log n) and -(2/4pi) int h psi(1+ir)'}
  reach G1_even RP9_wrong_discriminant {'max_ratio': 959456.0228097982, 'status': 'REACHABLE', 'note': ''}
G1_odd {'n_tau': 4001, 'eps_min': 3.090639472258885e-07, 'eps_max': 2.2489563371407903e-06, 'config': {'T0': 49.382483635, 'sigma': 5.809703957058823, 'E_lo': 0.0, 'E_hi': 98.76496727}, 'n_levels': 334}
  reach G1_odd RP5_elliptic_x2 {'max_ratio': 1.4728754584485833e-10, 'status': 'INAPPLICABLE', 'note': ''}
  reach G1_odd RP6_drop_R {'max_ratio': 935382.8252197276, 'status': 'REACHABLE', 'note': ''}
  reach G1_odd RP9_wrong_discriminant {'max_ratio': 739403.8135337924, 'status': 'REACHABLE', 'note': ''}
  reach G1 RP7_swap_parity {'max_ratio': 2388004.964599426, 'status': 'REACHABLE', 'note': 'RHS(even) - RHS(odd); swapping labels moves the LHS by this much'}
