BURST-COLLAPSE — a DOMAIN change (spike-train -> burst-train), threshold SWEPT.
  If the long-range rigidity lives in the BURST TIMING it SURVIVES collapse.
  If it lived in the spike train, it DIES with the bursts.
  Poisson slope = 1.0.  R2(0.1) > 1 = clustered, < 1 = repulsive.
========================================================================================================
object              thr  sp/burst |   slope  R2(0.1)     CV      n
--------------------------------------------------------------------------------------------------------
poisson             RAW         - |   1.005    0.987   1.00  31999
                  0.005      1.04 |   0.920    0.995   0.96  30703
                  0.010      1.08 |   0.852    0.755   0.92  29493
                  0.020      1.17 |   0.736    0.123   0.85  27255
                  0.050      1.49 |   0.464    0.000   0.67  21415

neyman_scott        RAW         - |   6.994    2.438   3.31  28874
                  0.005      5.60 |   0.989    1.037   1.07   5158
                  0.010      6.13 |   0.847    1.046   0.98   4711
                  0.020      6.22 |   0.826    1.044   0.97   4644
                  0.050      6.47 |   0.757    0.878   0.93   4465

REGULAR-BURSTS      RAW         - |   1.315    1.497   2.28  28756
                  0.005      5.51 |   0.136    0.000   0.37   5217
                  0.010      6.00 |   0.049    0.000   0.21   4791
                  0.020      6.00 |   0.050    0.000   0.21   4788
                  0.050      6.00 |   0.050    0.000   0.21   4788

RET-1 (25 cells, >=6000 ISIs) — per-cell median
--------------------------------------------------------------------------------------------------------
RET-1               RAW         - |   0.782    2.528   1.35  14131
                  0.005      1.01 |   0.771    2.492   1.29     25 cells
                  0.010      1.24 |   0.853    1.058   1.09     25 cells
                  0.020      1.78 |   0.656    0.264   0.87     25 cells
                  0.050      2.72 |   0.472    0.000   0.62     25 cells

DONE_BURST
