CLASSES ON THE NEGATIVE HALF-LINE? — all families tuned to MATCHED I_rep = -2.0
A class claim needs LONG-RANGE stats (Sigma^2), not the marginal. Poisson: Sigma2(5)=5.0
==========================================================================================
family             I_rep |     CV     LV |  Sigma2(5)
------------------------------------------------------------------------------------------
poisson           +0.001 |   0.99   1.00 |       4.96   [9s]
gamma_renewal     -1.934 |   3.07   2.47 |      36.55   [7s]
cox               -2.007 |   2.47   1.02 |      45.40   [7s]
neyman_scott      -1.874 |   2.95   1.56 |      29.11   [7s]
lognormal         -2.109 |   7.30   1.64 |      44.05   [7s]

NEURAL SUBSTRATES — same axes (60 cells each, Sigma^2 on first 5000 ISIs)
------------------------------------------------------------------------------------------
substrate           I_rep |     CV     LV |  Sigma2(5)
allen-hpf-cell     -7.772 |  19.04   1.24 |     183.54   [51s]
hc3-port-cell      -2.595 |   2.45   1.32 |      43.12   [27s]
ret1-cell          -0.392 |   1.36   1.18 |       6.45   [59s]
buzsaki-port-cell   -2.219 |   2.51   1.56 |      37.15   [75s]
ibl-port-cell      -0.085 |   1.05   0.97 |       6.42   [63s]
pvc-11             -1.327 |   1.85   1.23 |      19.59   [60s]

DONE
