====================================================================================
SUB L_iter-CONVERGENCE SWEEP — 48w ; AM golden θ ; ratio-free leg
  δ(sub)=(0.005, 0.069475, 0.5)  N(fixed)=(70000, 100000, 125000)  L-ladder=(100000, 400000, 1600000)  8φ  216 tasks
  Characterizes leg L-convergence; NEVER proves (A)/(B); SURFACED not adjudicated.
====================================================================================
  … 64/216 [4814s]
  … 128/216 [12446s]
  … 192/216 [20032s]
  raw persisted (216) — postproc free to re-run.

====================================================================================
  δ=0.005000 λ=0.9950 N= 70000 | means={'100000': 0.346857, '400000': 0.080113, '1600000': 0.025485} | top_inc=0.054628 floor=0.003700 conv=False top=0.025485 near_clock=True α≈0.9417
  δ=0.005000 λ=0.9950 N=100000 | means={'100000': 0.01663, '400000': 0.01362, '1600000': 0.015523} | top_inc=0.001902 floor=0.002078 conv=True top=0.015523 near_clock=True α≈0.0249
  δ=0.005000 λ=0.9950 N=125000 | means={'100000': 0.403417, '400000': 0.105453, '1600000': 0.033916} | top_inc=0.071537 floor=0.002151 conv=False top=0.033916 near_clock=True α≈0.8931
  δ=0.069475 λ=0.9305 N= 70000 | means={'100000': 0.343205, '400000': 0.07203, '1600000': 0.011682} | top_inc=0.060348 floor=0.000723 conv=False top=0.011682 near_clock=True α≈1.2192
  δ=0.069475 λ=0.9305 N=100000 | means={'100000': 0.002596, '400000': 0.001603, '1600000': 0.001733} | top_inc=0.000130 floor=0.000272 conv=True top=0.001733 near_clock=True α≈0.1457
  δ=0.069475 λ=0.9305 N=125000 | means={'100000': 0.400417, '400000': 0.100574, '1600000': 0.025884} | top_inc=0.074690 floor=0.000360 conv=False top=0.025884 near_clock=True α≈0.9878
  δ=0.500000 λ=0.5000 N= 70000 | means={'100000': 0.342863, '400000': 0.07146, '1600000': 0.010753} | top_inc=0.060707 floor=0.000020 conv=False top=0.010753 near_clock=True α≈1.2487
  δ=0.500000 λ=0.5000 N=100000 | means={'100000': 0.000523, '400000': 0.000141, '1600000': 0.000133} | top_inc=0.000007 floor=0.000094 conv=True top=0.000133 near_clock=True α≈0.4934
  δ=0.500000 λ=0.5000 N=125000 | means={'100000': 0.40005, '400000': 0.100101, '1600000': 0.025149} | top_inc=0.074952 floor=0.000121 conv=False top=0.025149 near_clock=True α≈0.9979
  N-collapse δ=0.005: {'70000': 0.025485, '100000': 0.015523, '125000': 0.033916} spread=0.018393 floor=0.0037 collapsed=False
  N-collapse δ=0.069475: {'70000': 0.011682, '100000': 0.001733, '125000': 0.025884} spread=0.024151 floor=0.000723 collapsed=False
  N-collapse δ=0.5: {'70000': 0.010753, '100000': 0.000133, '125000': 0.025149} spread=0.025016 floor=0.000121 collapsed=False
  TERMINAL: SUB_L_NOT_CONVERGED_WITHIN_LADDER  [21735.0s] errors=0
  NEVER proves (A)/(B); SURFACED; §D not launched; Step-1 untouched; NOT_CONVERGED⇒Will's call (no auto-chase).
====================================================================================
