000638 DUAL-REGION PORT — 10 sessions (MEC>=20,CA1>=20,DG>=15), 8w (remote stream, units only)
/home/combust/fmexplorer/criticality_tool/cross_substrate/population_fingerprint.py:74: RankWarning: Polyfit may be poorly conditioned
  c = np.polyfit(e, np.arange(1, e.size + 1, dtype=float), deg)
/home/combust/fmexplorer/criticality_tool/cross_substrate/population_fingerprint.py:74: RankWarning: Polyfit may be poorly conditioned
  c = np.polyfit(e, np.arange(1, e.size + 1, dtype=float), deg)
  sub-TS111-1  CA1  avl-onset   nU= 24 n=132047 q=0.600 BRρ=0.862
  sub-TS111-1  CA1  sync-event  nU= 24 n= 11941 q=0.000 BRρ=0.002
  sub-TS111-1  DG   avl-onset   nU= 31 n= 82834 q=0.474 BRρ=0.610
  sub-TS111-1  DG   sync-event  nU= 31 n= 17085 q=0.000 BRρ=0.005
  sub-TS111-1  MEC  corr-eig    nU= 67 n=    59 q=0.632 BRρ=0.838
  sub-TS111-1  MEC  avl-onset   nU= 67 n=103035 q=0.252 BRρ=0.253
  sub-TS111-1  MEC  sync-event  nU= 67 n= 17851 q=0.000 BRρ=0.026
  sub-TS115-2  CA1  avl-onset   nU= 24 n= 87647 q=0.671 BRρ=0.957
  sub-TS115-2  CA1  sync-event  nU= 24 n= 14326 q=0.000 BRρ=0.001
  sub-TS115-2  DG   corr-eig    nU= 65 n=    52 q=  - BRρ=  -
  sub-TS115-2  DG   avl-onset   nU= 65 n=128764 q=0.568 BRρ=0.784
  sub-TS115-2  DG   sync-event  nU= 65 n= 16288 q=0.000 BRρ=0.003
  sub-TS115-2  MEC  corr-eig    nU= 65 n=    58 q=1.000 BRρ=0.999
  sub-TS115-2  MEC  avl-onset   nU= 65 n= 73395 q=0.189 BRρ=0.010
  sub-TS115-2  MEC  sync-event  nU= 65 n= 13145 q=0.000 BRρ=0.002
  sub-TS114-3  CA1  avl-onset   nU= 21 n=183079 q=0.599 BRρ=0.855
  sub-TS114-3  CA1  sync-event  nU= 21 n= 23302 q=0.000 BRρ=0.001
  sub-TS114-3  DG   avl-onset   nU= 24 n=158252 q=0.479 BRρ=0.612
  sub-TS114-3  DG   sync-event  nU= 24 n= 32693 q=0.085 BRρ=0.001
  sub-TS114-3  MEC  avl-onset   nU= 39 n= 93056 q=0.314 BRρ=0.333
  sub-TS114-3  MEC  sync-event  nU= 39 n= 25142 q=0.082 BRρ=0.001
  sub-TS118-0  CA1  avl-onset   nU= 23 n=145783 q=0.620 BRρ=0.882
  sub-TS118-0  CA1  sync-event  nU= 23 n= 11744 q=0.000 BRρ=0.001
  sub-TS118-0  DG   avl-onset   nU= 38 n=134305 q=0.642 BRρ=0.925
  sub-TS118-0  DG   sync-event  nU= 38 n= 11505 q=0.000 BRρ=0.012
  sub-TS118-0  MEC  corr-eig    nU= 82 n=    73 q=0.885 BRρ=0.965
  sub-TS118-0  MEC  avl-onset   nU= 82 n=154392 q=0.293 BRρ=0.190
  sub-TS118-0  MEC  sync-event  nU= 82 n= 16555 q=0.034 BRρ=0.004
  sub-TS118-3  CA1  avl-onset   nU= 47 n=190317 q=0.592 BRρ=0.836
  sub-TS118-3  CA1  sync-event  nU= 47 n= 17594 q=0.000 BRρ=0.001
  sub-TS118-3  MEC  corr-eig    nU= 87 n=    77 q=1.000 BRρ=0.999
  sub-TS118-3  MEC  avl-onset   nU= 87 n=209427 q=0.195 BRρ=0.003
  sub-TS118-3  MEC  sync-event  nU= 87 n= 13188 q=0.214 BRρ=0.009
  sub-TS118-4  CA1  corr-eig    nU= 57 n=    51 q=  - BRρ=  -
  sub-TS118-4  CA1  avl-onset   nU= 57 n=260620 q=0.560 BRρ=0.783
  sub-TS118-4  CA1  sync-event  nU= 57 n= 11773 q=0.000 BRρ=0.001
  sub-TS118-4  MEC  corr-eig    nU=118 n=   104 q=0.810 BRρ=0.943
  sub-TS118-4  MEC  avl-onset   nU=118 n=382557 q=0.171 BRρ=0.015
  sub-TS118-4  MEC  sync-event  nU=118 n= 14577 q=0.000 BRρ=0.002
  sub-TS88-3   CA1  avl-onset   nU= 24 n=238093 q=0.475 BRρ=0.600
  sub-TS88-3   CA1  sync-event  nU= 24 n= 22585 q=0.000 BRρ=0.001
  sub-TS88-3   DG   avl-onset   nU= 35 n=125993 q=0.488 BRρ=0.635
  sub-TS88-3   DG   sync-event  nU= 35 n= 17545 q=0.000 BRρ=0.001
  sub-TS88-3   MEC  avl-onset   nU= 49 n=215834 q=0.280 BRρ=0.273
  sub-TS88-3   MEC  sync-event  nU= 49 n= 25501 q=0.000 BRρ=0.011
  sub-TS86-1   CA1  avl-onset   nU= 31 n= 86692 q=0.588 BRρ=0.837
  sub-TS86-1   CA1  sync-event  nU= 31 n= 19021 q=0.181 BRρ=0.001
  sub-TS86-1   DG   avl-onset   nU= 27 n= 65512 q=0.252 BRρ=0.171
  sub-TS86-1   DG   sync-event  nU= 27 n= 16314 q=0.185 BRρ=0.010
  sub-TS86-1   MEC  avl-onset   nU= 22 n= 16733 q=0.327 BRρ=0.177
  sub-TS86-1   MEC  sync-event  nU= 22 n= 16056 q=0.168 BRρ=0.013
  sub-TS86-2   CA1  avl-onset   nU= 26 n=419351 q=0.501 BRρ=0.644
  sub-TS86-2   CA1  sync-event  nU= 26 n= 24350 q=0.000 BRρ=0.029
  sub-TS86-2   MEC  avl-onset   nU= 52 n=143297 q=0.263 BRρ=0.222
  sub-TS86-2   MEC  sync-event  nU= 52 n= 29766 q=0.000 BRρ=0.013
  sub-TS90-0   CA1  avl-onset   nU= 43 n=220677 q=0.691 BRρ=0.999
  sub-TS90-0   CA1  sync-event  nU= 43 n=  8282 q=0.000 BRρ=0.001
  sub-TS90-0   DG   avl-onset   nU= 35 n=168934 q=0.626 BRρ=0.922
  sub-TS90-0   DG   sync-event  nU= 35 n= 10070 q=0.018 BRρ=0.063
  sub-TS90-0   MEC  corr-eig    nU=158 n=   145 q=0.862 BRρ=0.988
  sub-TS90-0   MEC  avl-onset   nU=158 n=292681 q=0.395 BRρ=0.391
  sub-TS90-0   MEC  sync-event  nU=158 n=  9115 q=0.063 BRρ=0.077

→ 131 pop + 1365 per-cell records in 14.4 min. Analyse with dual_region_analysis.py. Flag, don't interpret.
