{
 "seal_commit": "34361283a6012ef73edc1098c3839b98ee345a90",
 "gates": {
  "G0": {
   "gate": "G0",
   "layer_a": {
    "verdict": "PASS",
    "max_ratio": 0.0025700948380497847,
    "tau_at_max": 4.331187152679159
   },
   "red_paths": [
    {
     "red_path": "RP1_drop_k>=2",
     "result": "FIRED",
     "max_ratio": 4725163.692032315
    },
    {
     "red_path": "RP2_flip_prime_sign",
     "result": "FIRED",
     "max_ratio": 26721103.861764636
    },
    {
     "red_path": "RP3_shift_100delta",
     "result": "FIRED",
     "max_ratio": 4.169165269477225
    },
    {
     "red_path": "RP4_plant_log6",
     "result": "FIRED"
    }
   ],
   "layer_b": {
    "verdict": "PASS",
    "reasons": [],
    "own_weights": "zeta",
    "verdict_own": [
     "PASS",
     {
      "R": [
       2,
       3,
       4,
       5,
       7,
       8,
       9,
       11,
       13,
       17,
       19,
       23,
       25,
       29,
       31,
       37,
       41,
       43,
       47,
       49,
       53,
       59,
       61,
       67,
       71,
       73,
       79,
       83,
       89
      ],
      "failed_arms": {}
     }
    ],
    "other_weights": "chi4",
    "verdict_other": [
     "FAIL",
     {
      "R": [
       3,
       5,
       7,
       9,
       11,
       13,
       17,
       19,
       23,
       25,
       29,
       31,
       37,
       41,
       43,
       47,
       49,
       53,
       59,
       61,
       67,
       71,
       73,
       79,
       83,
       89
      ],
      "failed_arms": {
       "WEIGHT": [
        3,
        7,
        11,
        19,
        23,
        31,
        43,
        47,
        59,
        67,
        71,
        79,
        83
       ],
       "SIGN": [
        3,
        7,
        11,
        19,
        23,
        31,
        43,
        47,
        59,
        67,
        71,
        79,
        83
       ],
       "SILENCE": [
        2,
        4,
        8,
        16
       ]
      }
     }
    ],
    "c": [
     [
      2,
      -0.49012907181768767,
      -1.1547108374744521e-11
     ],
     [
      3,
      -0.6342841006530653,
      5.3660668629178735e-11
     ],
     [
      4,
      -0.34657359025647305,
      2.2303054044118888e-11
     ],
     [
      5,
      -0.7197625156314988,
      7.77786062028164e-12
     ],
     [
      6,
      1.376193017444396e-10,
      -2.657681345960448e-11
     ],
     [
      7,
      -0.7354849040668776,
      -4.888737104291147e-11
     ],
     [
      8,
      -0.24506453582220594,
      1.7565956434735782e-11
     ],
     [
      9,
      -0.36620409636097795,
      -5.6295531255475444e-11
     ],
     [
      10,
      -9.305653433442128e-11,
      -1.1644285472462885e-10
     ],
     [
      11,
      -0.7229926279119496,
      -3.6705163258705934e-11
     ],
     [
      12,
      3.798944964076934e-11,
      -3.968605660684827e-12
     ],
     [
      13,
      -0.7113889560293657,
      -2.998427711389964e-11
     ],
     [
      14,
      -2.4414826747579662e-11,
      6.295909235101785e-11
     ],
     [
      15,
      1.0397198733573788e-10,
      6.133933907674472e-11
     ],
     [
      16,
      -0.17328679517058038,
      -5.06643222654106e-11
     ],
     [
      17,
      -0.6871551692095257,
      3.626658765839572e-11
     ],
     [
      18,
      1.3104366583857504e-10,
      3.367827940686602e-11
     ],
     [
      19,
      -0.6755006293808717,
      7.583477678473626e-11
     ],
     [
      20,
      -8.696029939986502e-11,
      8.367345440093254e-11
     ],
     [
      21,
      6.80778862715175e-11,
      2.3317886034555814e-11
     ],
     [
      22,
      8.532554503604239e-11,
      -5.682871004792164e-11
     ],
     [
      23,
      -0.6537957391797636,
      -4.8017491199275104e-11
     ],
     [
      24,
      -1.1918329760174043e-10,
      6.437682821932931e-12
     ],
     [
      25,
      -0.321887582410106,
      2.192643239544039e-11
     ],
     [
      26,
      -3.395481578357472e-11,
      5.482561888615441e-11
     ],
     [
      27,
      -0.21142803369938754,
      2.2946765386390866e-13
     ],
     [
      28,
      -4.269077765375202e-12,
      7.20987138100912e-11
     ],
     [
      29,
      -0.6252911378749426,
      -2.9071604800027893e-11
     ],
     [
      30,
      2.1804387477963254e-11,
      -1.8168153591708853e-10
     ],
     [
      31,
      -0.6167623089523794,
      8.077316697486903e-11
     ],
     [
      32,
      -0.12253226811657263,
      1.6777999126604568e-10
     ],
     [
      33,
      1.7281853675135318e-10,
      2.6873343303943927e-11
     ],
     [
      34,
      -3.2728152140090645e-10,
      -6.48859040429955e-11
     ],
     [
      35,
      3.83855100702512e-10,
      1.652559954351143e-10
     ],
     [
      36,
      -1.1764665814857223e-10,
      -2.0811133370040225e-11
     ],
     [
      37,
      -0.5936312481643349,
      -1.8677208011333179e-10
     ],
     [
      38,
      -1.4070710538716432e-10,
      1.3485987450702463e-10
     ],
     [
      39,
      1.0528806431803876e-10,
      2.0625672315671163e-11
     ],
     [
      40,
      1.3010019359195771e-10,
      -1.650217215926271e-10
     ],
     [
      41,
      -0.5799625195378139,
      2.1380265024405795e-10
     ],
     [
      42,
      -4.433172015522678e-11,
      8.97490017578319e-11
     ],
     [
      43,
      -0.5735776404399574,
      -1.2563186285717112e-10
     ],
     [
      44,
      1.0403813863332014e-10,
      -3.9482139331915755e-11
     ],
     [
      45,
      9.401865719173288e-12,
      -4.16954702584365e-11
     ],
     [
      46,
      6.618449169012486e-11,
      -4.2076254398012797e-11
     ],
     [
      47,
      -0.561601747146023,
      -1.740916869973495e-10
     ],
     [
      48,
      -8.945988548345256e-11,
      4.616605134819394e-12
     ],
     [
      49,
      -0.2779871642195868,
      -4.613603729637977e-11
     ],
     [
      50,
      4.756201279610619e-11,
      -6.533377621328736e-11
     ],
     [
      51,
      2.2382926579686553e-10,
      -1.71177529423959e-10
     ],
     [
      52,
      4.0169983826811585e-11,
      -2.0089424958905693e-10
     ],
     [
      53,
      -0.5453615362738767,
      2.3844694410356563e-10
     ],
     [
      54,
      2.49963437470014e-10,
      3.9021049189555236e-10
     ],
     [
      55,
      3.391424724033324e-11,
      8.548921901136349e-11
     ],
     [
      56,
      7.834544304090345e-11,
      -1.6300563545839473e-10
     ],
     [
      57,
      2.667030483828411e-10,
      -8.5403957124673e-11
     ],
     [
      58,
      1.9403005394870112e-11,
      1.426130378578814e-10
     ],
     [
      59,
      -0.530850159519201,
      5.989179243375799e-11
     ],
     [
      60,
      2.382328697007835e-10,
      1.0810016580696682e-10
     ],
     [
      61,
      -0.5263434633116425,
      1.0085199644071459e-10
     ],
     [
      62,
      -3.9270992755711776e-11,
      -2.1740404414575636e-10
     ],
     [
      63,
      -2.536999109634141e-11,
      -1.568989559939852e-11
     ],
     [
      64,
      -0.08664339728471633,
      3.8711685282179403e-10
     ],
     [
      65,
      4.385419608235993e-11,
      1.4105640013681243e-10
     ],
     [
      66,
      -1.4429062263412277e-10,
      1.4371979550191617e-10
     ],
     [
      67,
      -0.5136849611004531,
      -2.216428099425272e-10
     ],
     [
      68,
      -1.1751088677088471e-10,
      -1.3452238818423287e-10
     ],
     [
      69,
      5.062127328749673e-11,
      -2.116039234742845e-10
     ],
     [
      70,
      -9.433951421477663e-11,
      1.7453993376776555e-10
     ],
     [
      71,
      -0.5058870293857717,
      3.40765241239909e-10
     ],
     [
      72,
      5.978703334400033e-11,
      -8.128641966959625e-11
     ],
     [
      73,
      -0.5021602951065273,
      -5.5179489953343756e-11
     ],
     [
      74,
      -1.2850582717354043e-10,
      -1.0608235628906541e-10
     ],
     [
      75,
      7.999186166152735e-11,
      -1.5384940709848967e-10
     ],
     [
      76,
      3.9409684008192976e-10,
      -5.342039728151401e-11
     ],
     [
      77,
      2.839023065632919e-10,
      -1.9032652688213497e-12
     ],
     [
      78,
      5.083589858525071e-11,
      9.20611868446121e-12
     ],
     [
      79,
      -0.4916012913832353,
      -2.965250901319963e-10
     ],
     [
      80,
      -1.0942500816997597e-10,
      -8.911749671274107e-11
     ],
     [
      81,
      -0.12206803217091376,
      -2.84460674812723e-10
     ],
     [
      82,
      -2.0520162655302363e-11,
      -9.467099860043756e-11
     ],
     [
      83,
      -0.48503076919660876,
      7.62330672522487e-12
     ],
     [
      84,
      2.8207687068656826e-11,
      -2.412646210302909e-10
     ],
     [
      85,
      2.3672699954443973e-10,
      1.934565483247426e-10
     ],
     [
      86,
      5.419571090422256e-11,
      1.2057318477203463e-10
     ],
     [
      87,
      6.9143633812151415e-12,
      -3.119415514248425e-11
     ],
     [
      88,
      -3.637252715142162e-11,
      -1.5224757176897855e-10
     ],
     [
      89,
      -0.4757945038035632,
      2.9983014781270794e-11
     ],
     [
      90,
      -2.0385091541895746e-10,
      1.7995446498446084e-10
     ]
    ],
    "B": [
     0.058611573308016404,
     0.08090210273962868,
     0.07923443233913832,
     0.0824067192189937,
     0.09284873256955702,
     0.10388180694507762,
     0.10092400782316975,
     0.10177197192003938,
     0.0988838674008979,
     0.1132204890567803,
     0.1228566987274772,
     0.11110876441202204,
     0.12017932952165467,
     0.11421395749178814,
     0.11607987035631345,
     0.11654442042227998,
     0.12181163323056589,
     0.1143718407569884,
     0.10933347009192,
     0.12312942935494992,
     0.13390206452600845,
     0.1246136539323951,
     0.12698428502005207,
     0.13402158096647648,
     0.11781924413834953,
     0.12248630890253107,
     0.12940421685151762,
     0.12382815637473585,
     0.13886318863716354,
     0.12422026264645905,
     0.13313625674353122,
     0.12768210507795483,
     0.13178154672298817,
     0.12857690582412917,
     0.13776611170240935,
     0.14849322855917585,
     0.12294331169826646,
     0.13348702095677134,
     0.12426908398907657,
     0.14059060359933778,
     0.13197428972641495,
     0.15012790998949505,
     0.13574291407067104,
     0.12658481427745727,
     0.1498413852887303,
     0.1408066908589433,
     0.13037420092956067,
     0.13176004195742233,
     0.1438426763839624,
     0.14976438764168204,
     0.1373600534608619,
     0.1396078480962704,
     0.13233741425128231,
     0.14509995267318804,
     0.15117288636401469,
     0.1347430201475698,
     0.15462822576513593,
     0.15456755067414168,
     0.14733557214520326,
     0.14322513162834893,
     0.1446175698646795,
     0.13189776231311126,
     0.15621986542218858,
     0.14377629772031345,
     0.14124095121875133,
     0.13930263395781192,
     0.13535124296752477,
     0.14388158242802498,
     0.15840821108081532,
     0.14914215765126135,
     0.14482958380895158,
     0.13812105932459418,
     0.155411975764269,
     0.14963182178296583,
     0.15158772775105991,
     0.1530578092027723,
     0.14232889701852328,
     0.13821502791085194,
     0.15215952549777437,
     0.14421238773779185,
     0.1570502574453813,
     0.15348361554624565,
     0.1730118736355611,
     0.16135028759298387,
     0.15121258858151126,
     0.1566155669980254,
     0.15019415333164243,
     0.15388346790293825,
     0.15102116690443831
    ]
   }
  },
  "G0s_a": {
   "gate": "G0s_a",
   "layer_a": {
    "verdict": "PASS",
    "max_ratio": 0.04134399479523769,
    "tau_at_max": 4.55406509320417
   },
   "red_paths": [
    {
     "red_path": "RP13_drop_gamma",
     "result": "FIRED",
     "max_ratio": 1918799264.5863087
    },
    {
     "red_path": "RP14_drop_pole",
     "result": "FIRED",
     "max_ratio": 69230539.07636568
    },
    {
     "red_path": "RP15_asymptotic_psi",
     "result": "FIRED",
     "max_ratio": 34811091.61398728
    },
    {
     "red_path": "RP16_drop_mirror",
     "result": "FIRED",
     "max_ratio": 10.216971016363436
    }
   ]
  },
  "G0s_b": {
   "gate": "G0s_b",
   "layer_a": {
    "verdict": "PASS",
    "max_ratio": 0.018989153198229285,
    "tau_at_max": 4.414
   },
   "red_paths": [
    {
     "red_path": "RP13_drop_gamma",
     "result": "FIRED",
     "max_ratio": 928518336.7224914
    },
    {
     "red_path": "RP14_drop_pole",
     "result": "INAPPLICABLE"
    },
    {
     "red_path": "RP15_asymptotic_psi",
     "result": "FIRED",
     "max_ratio": 8220.14100236652
    },
    {
     "red_path": "RP16_drop_mirror",
     "result": "INAPPLICABLE"
    }
   ]
  },
  "G0s_c": {
   "gate": "G0s_c",
   "layer_a": {
    "verdict": "PASS",
    "max_ratio": 0.022692694241924723,
    "tau_at_max": 4.632026634673881
   },
   "red_paths": [
    {
     "red_path": "RP13_drop_gamma",
     "result": "FIRED",
     "max_ratio": 212940.6747538819
    },
    {
     "red_path": "RP14_drop_pole",
     "result": "INAPPLICABLE"
    },
    {
     "red_path": "RP15_asymptotic_psi",
     "result": "INAPPLICABLE"
    },
    {
     "red_path": "RP16_drop_mirror",
     "result": "INAPPLICABLE"
    }
   ]
  },
  "G0c": {
   "gate": "G0c",
   "layer_a": {
    "verdict": "PASS",
    "max_ratio": 0.004564435829250352,
    "tau_at_max": 1.101
   },
   "red_paths": [
    {
     "red_path": "RP1_drop_k>=2",
     "result": "FIRED",
     "max_ratio": 5438729.797206498
    },
    {
     "red_path": "RP2_flip_prime_sign",
     "result": "FIRED",
     "max_ratio": 30752050.432343237
    },
    {
     "red_path": "RP3_shift_100delta",
     "result": "FIRED",
     "max_ratio": 4.800245851591792
    },
    {
     "red_path": "RP17_read_vs_chi4",
     "result": "FIRED"
    }
   ],
   "layer_b": {
    "verdict": "PASS",
    "reasons": [],
    "own_weights": "zeta",
    "verdict_own": [
     "PASS",
     {
      "R": [
       2,
       3,
       4,
       5,
       7,
       9,
       11,
       13,
       17,
       19,
       23,
       29,
       31,
       37,
       41,
       43,
       47,
       53,
       59,
       61,
       67,
       71,
       73,
       79
      ],
      "failed_arms": {}
     }
    ],
    "other_weights": "chi4",
    "verdict_other": [
     "FAIL",
     {
      "R": [
       3,
       5,
       7,
       9,
       11,
       13,
       17,
       19,
       23,
       29,
       31,
       37,
       41,
       43,
       47,
       53,
       59,
       61,
       67,
       71,
       73,
       79
      ],
      "failed_arms": {
       "WEIGHT": [
        3,
        7,
        11,
        19,
        23,
        31,
        43,
        47,
        59,
        67,
        71,
        79
       ],
       "SIGN": [
        3,
        7,
        11,
        19,
        23,
        31,
        43,
        47,
        59,
        67,
        71,
        79
       ],
       "SILENCE": [
        2,
        4,
        8
       ]
      }
     }
    ],
    "c": [
     [
      2,
      -0.4901290718603995,
      -1.5246436807711582e-11
     ],
     [
      3,
      -0.6342841006035835,
      5.571344494005015e-11
     ],
     [
      4,
      -0.34657359037119834,
      3.292791811719558e-11
     ],
     [
      5,
      -0.7197625156555891,
      -1.3802122572530177e-10
     ],
     [
      6,
      -7.846349211076139e-11,
      8.640292943295181e-11
     ],
     [
      7,
      -0.7354849038808003,
      -2.370024547274515e-11
     ],
     [
      8,
      -0.24506453582229712,
      3.236046816473371e-11
     ],
     [
      9,
      -0.3662040962821681,
      1.3263603773647789e-11
     ],
     [
      10,
      1.811545117958177e-10,
      -2.0282989257559748e-10
     ],
     [
      11,
      -0.7229926279662132,
      1.6188157004181023e-10
     ],
     [
      12,
      -1.8340929031023916e-10,
      -2.2747696233754657e-10
     ],
     [
      13,
      -0.7113889560237148,
      -2.653627278821794e-10
     ],
     [
      14,
      -7.34364493188537e-11,
      2.500583733616984e-11
     ],
     [
      15,
      6.611692558430642e-11,
      -4.837192608771997e-12
     ],
     [
      16,
      -0.1732867953373626,
      9.735146102759057e-11
     ],
     [
      17,
      -0.6871551689161106,
      -1.0360171937153829e-10
     ],
     [
      18,
      -6.487711821821466e-11,
      4.2682703333318584e-11
     ],
     [
      19,
      -0.6755006292093888,
      1.5020263377081844e-10
     ],
     [
      20,
      2.3145293149101103e-10,
      1.16034494137127e-11
     ],
     [
      21,
      -9.35354930539305e-11,
      8.082207799761296e-11
     ],
     [
      22,
      -1.175057922288131e-10,
      1.235233505648501e-10
     ],
     [
      23,
      -0.6537957390032937,
      -3.2104238846872937e-12
     ],
     [
      24,
      6.290768241983887e-11,
      -1.5692183935871548e-10
     ],
     [
      25,
      -0.3218875821083677,
      -1.9014192376897699e-10
     ],
     [
      26,
      -6.400412971283619e-11,
      7.261494583533935e-11
     ],
     [
      27,
      -0.21142803347743827,
      -2.3316598492693217e-10
     ],
     [
      28,
      -1.1866472532732153e-10,
      2.683041205417225e-10
     ],
     [
      29,
      -0.6252911378430411,
      1.1329884324274052e-10
     ],
     [
      30,
      -7.733905396308913e-11,
      9.812502763872674e-12
     ],
     [
      31,
      -0.6167623091805728,
      -1.4072129469682524e-10
     ],
     [
      32,
      -0.12253226811037789,
      -2.015245421079594e-10
     ],
     [
      33,
      3.6428932404302026e-10,
      4.216381664547516e-11
     ],
     [
      34,
      -2.9849241709220677e-11,
      8.576568871627786e-11
     ],
     [
      35,
      4.1686284300307935e-10,
      -4.847843470346114e-11
     ],
     [
      36,
      3.612148109753553e-11,
      1.5319098931286784e-11
     ],
     [
      37,
      -0.5936312480120853,
      -2.6612159519261374e-10
     ],
     [
      38,
      -1.214329701990713e-10,
      -6.127291003452627e-10
     ],
     [
      39,
      -4.348684797541026e-11,
      -1.9154194127521224e-10
     ],
     [
      40,
      1.5404575012108507e-10,
      -2.630401475742744e-10
     ],
     [
      41,
      -0.5799625200034624,
      -1.0222311885854651e-10
     ],
     [
      42,
      1.8421851977742036e-10,
      4.147026235991392e-10
     ],
     [
      43,
      -0.5735776406245173,
      -2.3150489858458911e-10
     ],
     [
      44,
      1.8285506968108704e-11,
      -7.42096698332605e-12
     ],
     [
      45,
      3.060091272275477e-10,
      2.5134323232835574e-10
     ],
     [
      46,
      1.673869956905469e-10,
      -4.803304607993981e-10
     ],
     [
      47,
      -0.5616017473004714,
      2.6790314411329064e-10
     ],
     [
      48,
      3.811362523099617e-10,
      2.6053651499990094e-10
     ],
     [
      49,
      -0.2779871641284414,
      -2.1575213837721208e-10
     ],
     [
      50,
      -3.409801344556326e-10,
      -8.183475664411463e-11
     ],
     [
      51,
      -3.429637001370204e-10,
      2.496159862413728e-11
     ],
     [
      52,
      4.860992136415875e-10,
      -3.6097504151233515e-10
     ],
     [
      53,
      -0.5453615364966977,
      -1.8814150237744798e-10
     ],
     [
      54,
      1.3717098384634161e-10,
      -1.165907284872124e-10
     ],
     [
      55,
      -1.6354902688810946e-10,
      1.8698240533408948e-10
     ],
     [
      56,
      2.1565566274360037e-10,
      -6.037352896585514e-10
     ],
     [
      57,
      -1.1758682589569397e-11,
      1.0829023327375003e-10
     ],
     [
      58,
      -3.5127543833987173e-10,
      1.933020916019023e-10
     ],
     [
      59,
      -0.5308501590798818,
      -4.024252042711396e-10
     ],
     [
      60,
      -8.493558212
